// Vitest Snapshot v1, https://vitest.dev/guide/snapshot.html

exports[`v0.1 sealed-pipeline characterization > freezes source-aware parse diagnostic order and withholds partial values 1`] = `
{
  "diagnostics": [
    {
      "candidates": undefined,
      "code": "INVALID_MANIFEST_ENVELOPE",
      "expected": undefined,
      "message": "[doc 0] unexpected is not supported",
      "path": "/unexpected",
      "phase": "validate",
      "severity": "error",
      "source": {
        "documentIndex": 0,
        "path": "/unexpected",
        "sourceId": "fixture:parse-invalid.yaml",
        "span": {
          "end": {
            "column": 1,
            "line": 5,
            "offset": 100,
          },
          "start": {
            "column": 13,
            "line": 4,
            "offset": 95,
          },
        },
      },
      "suggestion": undefined,
      "value": undefined,
    },
    {
      "candidates": undefined,
      "code": "INVALID_MANIFEST_ENVELOPE",
      "expected": undefined,
      "message": "[doc 1] YAML parse error: Flow sequence in block collection must be sufficiently indented and end with a ] at line 14, column 1:

  title: [unterminated

^
",
      "path": "/",
      "phase": "validate",
      "severity": "error",
      "source": {
        "documentIndex": 1,
        "path": "/",
        "sourceId": "fixture:parse-invalid.yaml",
        "span": {
          "end": {
            "column": 2,
            "line": 14,
            "offset": 285,
          },
          "start": {
            "column": 1,
            "line": 14,
            "offset": 284,
          },
        },
      },
      "suggestion": undefined,
      "value": undefined,
    },
  ],
  "ok": false,
}
`;

exports[`v0.1 sealed-pipeline characterization > freezes successful parse and semantic validation 1`] = `
{
  "linked": {
    "procedures": [
      {
        "collectionActionSchema": undefined,
        "guard": undefined,
        "name": "authorize-order",
        "writes": [],
      },
      {
        "collectionActionSchema": undefined,
        "guard": undefined,
        "name": "place-order",
        "writes": [],
      },
    ],
    "schemas": [
      {
        "name": "orders",
        "translationParent": undefined,
      },
    ],
    "triggers": [
      {
        "lifecycleSchema": undefined,
        "name": "place-order-http",
        "target": "place-order",
      },
      {
        "lifecycleSchema": undefined,
        "name": "place-order-mcp",
        "target": "place-order",
      },
      {
        "lifecycleSchema": "orders",
        "name": "order-created",
        "target": "place-order",
      },
    ],
    "views": [
      {
        "from": "orders",
        "guard": "authorize-order",
        "name": "open-orders",
      },
    ],
  },
  "parsed": [
    {
      "manifest": {
        "apiVersion": "cms.mantle.aotter.net/v2",
        "kind": "Schema",
        "metadata": {
          "name": "orders",
        },
        "spec": {
          "indexes": [
            [
              "customerId",
            ],
          ],
          "lifecycle": "publishing",
          "localized": false,
          "schema": {
            "properties": {
              "customerId": {
                "minLength": 1,
                "type": "string",
              },
              "externalId": {
                "minLength": 1,
                "type": "string",
              },
              "orderStatus": {
                "enum": [
                  "open",
                  "closed",
                ],
                "type": "string",
              },
              "placedAt": {
                "type": "number",
                "x-mantle-bind": "now",
              },
            },
            "required": [
              "customerId",
              "orderStatus",
            ],
            "type": "object",
          },
          "searchableFields": [],
          "title": "Orders",
          "uniqueIndexes": [],
        },
      },
      "source": {
        "documentIndex": 0,
        "path": "/",
        "sourceId": "fixture:valid.yaml",
        "span": {
          "end": {
            "column": 1,
            "line": 18,
            "offset": 559,
          },
          "start": {
            "column": 1,
            "line": 3,
            "offset": 151,
          },
        },
      },
    },
    {
      "manifest": {
        "apiVersion": "cms.mantle.aotter.net/v2",
        "kind": "View",
        "metadata": {
          "name": "open-orders",
        },
        "spec": {
          "input": {
            "properties": {
              "customerId": {
                "type": "string",
              },
            },
            "required": [
              "customerId",
            ],
            "type": "object",
          },
          "requires": {
            "auth": {
              "all": [
                "ctx.auth",
                "ctx.user",
              ],
            },
            "guard": {
              "procedure": "authorize-order",
            },
          },
          "select": {
            "columns": [
              "id",
              "customerId",
              "orderStatus",
              "placedAt",
            ],
            "from": "orders",
            "limit": 20,
            "orderBy": {
              "placedAt": "desc",
            },
            "where": {
              "and": [
                {
                  "customerId": "$input.customerId",
                },
                {
                  "orderStatus": "open",
                },
              ],
            },
          },
          "surface": "public",
        },
      },
      "source": {
        "documentIndex": 2,
        "path": "/",
        "sourceId": "fixture:valid.yaml",
        "span": {
          "end": {
            "column": 1,
            "line": 45,
            "offset": 1161,
          },
          "start": {
            "column": 1,
            "line": 21,
            "offset": 643,
          },
        },
      },
    },
    {
      "manifest": {
        "apiVersion": "cms.mantle.aotter.net/v2",
        "kind": "Procedure",
        "metadata": {
          "name": "authorize-order",
        },
        "spec": {
          "handler": {
            "ref": "authorizeOrder",
          },
          "input": {
            "properties": {
              "customerId": {
                "type": "string",
              },
            },
            "required": [
              "customerId",
            ],
            "type": "object",
          },
          "output": {
            "type": "object",
          },
        },
      },
      "source": {
        "documentIndex": 3,
        "path": "/",
        "sourceId": "fixture:valid.yaml",
        "span": {
          "end": {
            "column": 1,
            "line": 58,
            "offset": 1424,
          },
          "start": {
            "column": 1,
            "line": 46,
            "offset": 1165,
          },
        },
      },
    },
    {
      "manifest": {
        "apiVersion": "cms.mantle.aotter.net/v2",
        "kind": "Procedure",
        "metadata": {
          "name": "place-order",
        },
        "spec": {
          "handler": {
            "ref": "placeOrder",
          },
          "input": {
            "properties": {
              "customerId": {
                "type": "string",
              },
            },
            "required": [
              "customerId",
            ],
            "type": "object",
          },
          "output": {
            "type": "object",
          },
          "requires": {
            "auth": {
              "all": [
                "ctx.auth",
                "ctx.user",
              ],
            },
          },
        },
      },
      "source": {
        "documentIndex": 4,
        "path": "/",
        "sourceId": "fixture:valid.yaml",
        "span": {
          "end": {
            "column": 1,
            "line": 74,
            "offset": 1733,
          },
          "start": {
            "column": 1,
            "line": 59,
            "offset": 1428,
          },
        },
      },
    },
    {
      "manifest": {
        "apiVersion": "cms.mantle.aotter.net/v2",
        "kind": "Trigger",
        "metadata": {
          "name": "place-order-http",
        },
        "spec": {
          "source": {
            "kind": "http",
            "method": "POST",
            "path": "/api/orders",
          },
          "target": {
            "procedure": "place-order",
          },
        },
      },
      "source": {
        "documentIndex": 5,
        "path": "/",
        "sourceId": "fixture:valid.yaml",
        "span": {
          "end": {
            "column": 1,
            "line": 82,
            "offset": 1924,
          },
          "start": {
            "column": 1,
            "line": 75,
            "offset": 1737,
          },
        },
      },
    },
    {
      "manifest": {
        "apiVersion": "cms.mantle.aotter.net/v2",
        "kind": "Trigger",
        "metadata": {
          "name": "place-order-mcp",
        },
        "spec": {
          "source": {
            "kind": "mcp",
            "surface": "public",
          },
          "target": {
            "procedure": "place-order",
          },
        },
      },
      "source": {
        "documentIndex": 6,
        "path": "/",
        "sourceId": "fixture:valid.yaml",
        "span": {
          "end": {
            "column": 1,
            "line": 90,
            "offset": 2097,
          },
          "start": {
            "column": 1,
            "line": 83,
            "offset": 1928,
          },
        },
      },
    },
    {
      "manifest": {
        "apiVersion": "cms.mantle.aotter.net/v2",
        "kind": "Trigger",
        "metadata": {
          "name": "order-created",
        },
        "spec": {
          "source": {
            "kind": "lifecycle",
            "on": [
              "after_create",
            ],
            "schema": "orders",
          },
          "target": {
            "procedure": "place-order",
          },
        },
      },
      "source": {
        "documentIndex": 7,
        "path": "/",
        "sourceId": "fixture:valid.yaml",
        "span": {
          "end": {
            "column": 1,
            "line": 101,
            "offset": 2299,
          },
          "start": {
            "column": 1,
            "line": 91,
            "offset": 2101,
          },
        },
      },
    },
  ],
}
`;

exports[`v0.1 sealed-pipeline characterization > keeps the pre-link semantic diagnostic order characterized 1`] = `
[
  {
    "candidates": [],
    "code": "VIEW_FROM_UNKNOWN_SCHEMA",
    "expected": "name of a declared Schema",
    "message": "View 'missing-source' references unknown Schema 'unknown-schema'.",
    "path": "/spec/select/from",
    "phase": "validate",
    "severity": "error",
    "source": {
      "documentIndex": 0,
      "path": "/spec/select/from",
      "sourceId": "fixture:link-invalid.yaml",
      "span": {
        "end": {
          "column": 1,
          "line": 8,
          "offset": 142,
        },
        "start": {
          "column": 11,
          "line": 7,
          "offset": 127,
        },
      },
    },
    "suggestion": undefined,
    "value": "unknown-schema",
  },
  {
    "candidates": [],
    "code": "TRIGGER_TARGET_PROCEDURE_UNKNOWN",
    "expected": "name of a declared Procedure",
    "message": "Trigger 'missing-target' targets unknown Procedure 'unknown-procedure'.",
    "path": "/spec/target/procedure",
    "phase": "validate",
    "severity": "error",
    "source": {
      "documentIndex": 1,
      "path": "/spec/target/procedure",
      "sourceId": "fixture:link-invalid.yaml",
      "span": {
        "end": {
          "column": 42,
          "line": 15,
          "offset": 362,
        },
        "start": {
          "column": 24,
          "line": 15,
          "offset": 344,
        },
      },
    },
    "suggestion": undefined,
    "value": "unknown-procedure",
  },
  {
    "candidates": undefined,
    "code": "TRIGGER_PATH_INVALID",
    "expected": "path starting with '/api/'",
    "message": "Trigger 'missing-target' has path '/outside-core' — http Trigger paths MUST start with '/api/' so adapters can route public pages and Procedure endpoints without ambiguity.",
    "path": "/spec/source/path",
    "phase": "validate",
    "severity": "error",
    "source": {
      "documentIndex": 1,
      "path": "/spec/source/path",
      "sourceId": "fixture:link-invalid.yaml",
      "span": {
        "end": {
          "column": 59,
          "line": 14,
          "offset": 319,
        },
        "start": {
          "column": 45,
          "line": 14,
          "offset": 305,
        },
      },
    },
    "suggestion": undefined,
    "value": "/outside-core",
  },
]
`;
